// Jest Snapshot v1, https://goo.gl/fbAQLP

exports[`Endpoint snapshots (regression guard) GET /api/projections matches snapshot 1`] = `
{
  "accumulation_end_year": null,
  "annual_spending_target": 60000,
  "by_year": [
    {
      "balances_by_bucket": {
        "cash": 52500,
        "hsa": 0,
        "pre_tax": 850080,
        "roth": 0,
        "taxable": 26330.25,
      },
      "balances_by_savings_category": {
        "401k": 850080,
        "hsa": 0,
        "ira_roth": 0,
        "ira_traditional": 0,
        "taxable": 78830.25,
      },
      "contributions_401k": 9600,
      "contributions_hsa": 0,
      "contributions_ira_roth": 0,
      "contributions_ira_traditional": 0,
      "contributions_taxable": 0,
      "discretionary_spending": 0,
      "discretionary_spending_p1": 0,
      "discretionary_spending_p2": 0,
      "expenses": 61500,
      "federal_effective_rate_pct": 11.28,
      "federal_tax_brackets": [
        {
          "income_in_band": 24327,
          "rate_pct": 10,
          "tax": 2432.7,
        },
        {
          "income_in_band": 43363.88,
          "rate_pct": 12,
          "tax": 5203.67,
        },
      ],
      "federal_tax_capital_gains_estimate": 0,
      "federal_tax_ordinary_estimate": 7636.37,
      "federal_tax_total": 7636.37,
      "financial_balance": 928910.25,
      "hard_asset_balance": 0,
      "income": 103812.8,
      "income_bonus": 0,
      "income_bonus_p1": 0,
      "income_bonus_p2": 0,
      "income_from_savings_draw": 0,
      "income_ss_p1": 23812.8,
      "income_ss_p2": 0,
      "income_ss_total": 23812.8,
      "income_wage_p1": 0,
      "income_wage_p2": 80000,
      "income_wages": 80000,
      "irmaa_warning": false,
      "is_retired": false,
      "marginal_rate_pct": 12,
      "medicare_part_b_monthly_estimate": 193,
      "net_worth": 928910.25,
      "opening_balances_by_savings_category": {
        "401k": 800000,
        "hsa": 0,
        "ira_roth": 0,
        "ira_traditional": 0,
        "taxable": 50000,
      },
      "p1_age_eoy": 66,
      "p1_retired": true,
      "p2_age_eoy": 64,
      "p2_retired": false,
      "retirement_funding_shortfall": 0,
      "rmd": 0,
      "rmd_divisor_p1": null,
      "rmd_divisor_p2": null,
      "rmd_p1": 0,
      "rmd_p2": 0,
      "rmd_tax_estimate": 0,
      "roth_conversion": 0,
      "savings": 42312.8,
      "savings_added_total": 34676.43,
      "spending_sources": {
        "asset_liquidation": 0,
        "cash": 0,
        "hsa": 0,
        "roth": 0,
        "social_security": 23812.8,
        "taxable": 0,
        "traditional_ira": 0,
      },
      "ss_earnings_test_warning_p1": false,
      "ss_earnings_test_warning_p2": true,
      "standard_deduction_estimate": 32550,
      "surplus_to_taxable": 25076.43,
      "surplus_to_taxable_p1": 0,
      "surplus_to_taxable_p2": 25076.43,
      "surplus_to_taxable_tax_withheld": 7636.37,
      "tax_param_provenance": {
        "brackets": {
          "inflation_applied": false,
          "source": "seeded",
          "year_used": 2026,
        },
        "medicare_part_b": {
          "inflation_applied": false,
          "source": "seeded",
          "year_used": 2026,
        },
        "standard_deduction": {
          "inflation_applied": false,
          "source": "seeded",
          "year_used": 2026,
        },
      },
      "taxable_income_after_standard_deduction": 67690.88,
      "taxable_income_before_deduction": 100240.88,
      "taxable_income_estimate": 100240.88,
      "taxable_ss_estimate": 20240.88,
      "taxable_ss_plus_rmd": 20240.88,
      "withdrawals": {
        "assetLiquidations": 0,
        "cashWithdrawals": 0,
        "hsaWithdrawals": 0,
        "preTaxWithdrawals": 0,
        "rothWithdrawals": 0,
        "taxableWithdrawals": 0,
        "unmetSpending": 0,
      },
      "year": 2026,
    },
    {
      "balances_by_bucket": {
        "cash": 34522.55,
        "hsa": 0,
        "pre_tax": 892584,
        "roth": 0,
        "taxable": 27646.76,
      },
      "balances_by_savings_category": {
        "401k": 892584,
        "hsa": 0,
        "ira_roth": 0,
        "ira_traditional": 0,
        "taxable": 62169.32,
      },
      "contributions_401k": 0,
      "contributions_hsa": 0,
      "contributions_ira_roth": 0,
      "contributions_ira_traditional": 0,
      "contributions_taxable": 0,
      "discretionary_spending": 0,
      "discretionary_spending_p1": 0,
      "discretionary_spending_p2": 0,
      "expenses": 63037.5,
      "federal_effective_rate_pct": 0,
      "federal_tax_brackets": [],
      "federal_tax_capital_gains_estimate": 0,
      "federal_tax_ordinary_estimate": 0,
      "federal_tax_total": 0,
      "financial_balance": 954753.32,
      "hard_asset_balance": 0,
      "income": 63037.5,
      "income_bonus": 0,
      "income_bonus_p1": 0,
      "income_bonus_p2": 0,
      "income_from_savings_draw": 19621.38,
      "income_ss_p1": 24408.12,
      "income_ss_p2": 19008,
      "income_ss_total": 43416.12,
      "income_wage_p1": 0,
      "income_wage_p2": 0,
      "income_wages": 0,
      "irmaa_warning": false,
      "is_retired": true,
      "marginal_rate_pct": 10,
      "medicare_part_b_monthly_estimate": 202.65,
      "net_worth": 954753.32,
      "opening_balances_by_savings_category": {
        "401k": 850080,
        "hsa": 0,
        "ira_roth": 0,
        "ira_traditional": 0,
        "taxable": 78830.25,
      },
      "p1_age_eoy": 67,
      "p1_retired": true,
      "p2_age_eoy": 65,
      "p2_retired": true,
      "retirement_funding_shortfall": 0,
      "rmd": 0,
      "rmd_divisor_p1": null,
      "rmd_divisor_p2": null,
      "rmd_p1": 0,
      "rmd_p2": 0,
      "rmd_tax_estimate": 0,
      "roth_conversion": 0,
      "savings": 0,
      "savings_added_total": 0,
      "spending_sources": {
        "asset_liquidation": 0,
        "cash": 19621.38,
        "hsa": 0,
        "roth": 0,
        "social_security": 43416.12,
        "taxable": 0,
        "traditional_ira": 0,
      },
      "ss_earnings_test_warning_p1": false,
      "ss_earnings_test_warning_p2": false,
      "standard_deduction_estimate": 34782,
      "surplus_to_taxable": 0,
      "surplus_to_taxable_p1": 0,
      "surplus_to_taxable_p2": 0,
      "surplus_to_taxable_tax_withheld": 0,
      "tax_param_provenance": {
        "brackets": {
          "inflation_applied": true,
          "source": "projected",
          "year_used": 2026,
        },
        "medicare_part_b": {
          "inflation_applied": true,
          "source": "projected",
          "year_used": 2026,
        },
        "standard_deduction": {
          "inflation_applied": true,
          "source": "projected",
          "year_used": 2026,
        },
      },
      "taxable_income_after_standard_deduction": 0,
      "taxable_income_before_deduction": 24286.1,
      "taxable_income_estimate": 24286.1,
      "taxable_ss_estimate": 4664.72,
      "taxable_ss_plus_rmd": 4664.72,
      "withdrawals": {
        "assetLiquidations": 0,
        "cashWithdrawals": 19621.38,
        "hsaWithdrawals": 0,
        "preTaxWithdrawals": 0,
        "rothWithdrawals": 0,
        "taxableWithdrawals": 0,
        "unmetSpending": 0,
      },
      "year": 2027,
    },
    {
      "balances_by_bucket": {
        "cash": 15131.17,
        "hsa": 0,
        "pre_tax": 937213.2,
        "roth": 0,
        "taxable": 29029.1,
      },
      "balances_by_savings_category": {
        "401k": 937213.2,
        "hsa": 0,
        "ira_roth": 0,
        "ira_traditional": 0,
        "taxable": 44160.27,
      },
      "contributions_401k": 0,
      "contributions_hsa": 0,
      "contributions_ira_roth": 0,
      "contributions_ira_traditional": 0,
      "contributions_taxable": 0,
      "discretionary_spending": 0,
      "discretionary_spending_p1": 0,
      "discretionary_spending_p2": 0,
      "expenses": 64613.44,
      "federal_effective_rate_pct": 0,
      "federal_tax_brackets": [],
      "federal_tax_capital_gains_estimate": 0,
      "federal_tax_ordinary_estimate": 0,
      "federal_tax_total": 0,
      "financial_balance": 981373.47,
      "hard_asset_balance": 0,
      "income": 64613.44,
      "income_bonus": 0,
      "income_bonus_p1": 0,
      "income_bonus_p2": 0,
      "income_from_savings_draw": 20111.92,
      "income_ss_p1": 25018.32,
      "income_ss_p2": 19483.2,
      "income_ss_total": 44501.52,
      "income_wage_p1": 0,
      "income_wage_p2": 0,
      "income_wages": 0,
      "irmaa_warning": false,
      "is_retired": true,
      "marginal_rate_pct": 10,
      "medicare_part_b_monthly_estimate": 212.78,
      "net_worth": 981373.47,
      "opening_balances_by_savings_category": {
        "401k": 892584,
        "hsa": 0,
        "ira_roth": 0,
        "ira_traditional": 0,
        "taxable": 62169.32,
      },
      "p1_age_eoy": 68,
      "p1_retired": true,
      "p2_age_eoy": 66,
      "p2_retired": true,
      "retirement_funding_shortfall": 0,
      "rmd": 0,
      "rmd_divisor_p1": null,
      "rmd_divisor_p2": null,
      "rmd_p1": 0,
      "rmd_p2": 0,
      "rmd_tax_estimate": 0,
      "roth_conversion": 0,
      "savings": 0,
      "savings_added_total": 0,
      "spending_sources": {
        "asset_liquidation": 0,
        "cash": 20111.92,
        "hsa": 0,
        "roth": 0,
        "social_security": 44501.52,
        "taxable": 0,
        "traditional_ira": 0,
      },
      "ss_earnings_test_warning_p1": false,
      "ss_earnings_test_warning_p2": false,
      "standard_deduction_estimate": 35477.64,
      "surplus_to_taxable": 0,
      "surplus_to_taxable_p1": 0,
      "surplus_to_taxable_p2": 0,
      "surplus_to_taxable_tax_withheld": 0,
      "tax_param_provenance": {
        "brackets": {
          "inflation_applied": true,
          "source": "projected",
          "year_used": 2026,
        },
        "medicare_part_b": {
          "inflation_applied": true,
          "source": "projected",
          "year_used": 2026,
        },
        "standard_deduction": {
          "inflation_applied": true,
          "source": "projected",
          "year_used": 2026,
        },
      },
      "taxable_income_after_standard_deduction": 0,
      "taxable_income_before_deduction": 25293.26,
      "taxable_income_estimate": 25293.26,
      "taxable_ss_estimate": 5181.34,
      "taxable_ss_plus_rmd": 5181.34,
      "withdrawals": {
        "assetLiquidations": 0,
        "cashWithdrawals": 20111.92,
        "hsaWithdrawals": 0,
        "preTaxWithdrawals": 0,
        "rothWithdrawals": 0,
        "taxableWithdrawals": 0,
        "unmetSpending": 0,
      },
      "year": 2028,
    },
    {
      "balances_by_bucket": {
        "cash": 0,
        "hsa": 0,
        "pre_tax": 984073.86,
        "roth": 0,
        "taxable": 24722.84,
      },
      "balances_by_savings_category": {
        "401k": 984073.86,
        "hsa": 0,
        "ira_roth": 0,
        "ira_traditional": 0,
        "taxable": 24722.84,
      },
      "contributions_401k": 0,
      "contributions_hsa": 0,
      "contributions_ira_roth": 0,
      "contributions_ira_traditional": 0,
      "contributions_taxable": 0,
      "discretionary_spending": 0,
      "discretionary_spending_p1": 0,
      "discretionary_spending_p2": 0,
      "expenses": 66228.77,
      "federal_effective_rate_pct": 0,
      "federal_tax_brackets": [],
      "federal_tax_capital_gains_estimate": 0,
      "federal_tax_ordinary_estimate": 0,
      "federal_tax_total": 0,
      "financial_balance": 1008796.7,
      "hard_asset_balance": 0,
      "income": 66228.77,
      "income_bonus": 0,
      "income_bonus_p1": 0,
      "income_bonus_p2": 0,
      "income_from_savings_draw": 20614.71,
      "income_ss_p1": 25643.78,
      "income_ss_p2": 19970.28,
      "income_ss_total": 45614.06,
      "income_wage_p1": 0,
      "income_wage_p2": 0,
      "income_wages": 0,
      "irmaa_warning": false,
      "is_retired": true,
      "marginal_rate_pct": 10,
      "medicare_part_b_monthly_estimate": 223.42,
      "net_worth": 1008796.7,
      "opening_balances_by_savings_category": {
        "401k": 937213.2,
        "hsa": 0,
        "ira_roth": 0,
        "ira_traditional": 0,
        "taxable": 44160.27,
      },
      "p1_age_eoy": 69,
      "p1_retired": true,
      "p2_age_eoy": 67,
      "p2_retired": true,
      "retirement_funding_shortfall": 0,
      "rmd": 0,
      "rmd_divisor_p1": null,
      "rmd_divisor_p2": null,
      "rmd_p1": 0,
      "rmd_p2": 0,
      "rmd_tax_estimate": 0,
      "roth_conversion": 0,
      "savings": 0,
      "savings_added_total": 0,
      "spending_sources": {
        "asset_liquidation": 0,
        "cash": 15131.17,
        "hsa": 0,
        "roth": 0,
        "social_security": 45614.06,
        "taxable": 5483.54,
        "traditional_ira": 0,
      },
      "ss_earnings_test_warning_p1": false,
      "ss_earnings_test_warning_p2": false,
      "standard_deduction_estimate": 36187.19,
      "surplus_to_taxable": 0,
      "surplus_to_taxable_p1": 0,
      "surplus_to_taxable_p2": 0,
      "surplus_to_taxable_tax_withheld": 0,
      "tax_param_provenance": {
        "brackets": {
          "inflation_applied": true,
          "source": "projected",
          "year_used": 2026,
        },
        "medicare_part_b": {
          "inflation_applied": true,
          "source": "projected",
          "year_used": 2026,
        },
        "standard_deduction": {
          "inflation_applied": true,
          "source": "projected",
          "year_used": 2026,
        },
      },
      "taxable_income_after_standard_deduction": 0,
      "taxable_income_before_deduction": 24406.34,
      "taxable_income_estimate": 24406.34,
      "taxable_ss_estimate": 3791.63,
      "taxable_ss_plus_rmd": 3791.63,
      "withdrawals": {
        "assetLiquidations": 0,
        "cashWithdrawals": 15131.17,
        "hsaWithdrawals": 0,
        "preTaxWithdrawals": 0,
        "rothWithdrawals": 0,
        "taxableWithdrawals": 5483.54,
        "unmetSpending": 0,
      },
      "year": 2029,
    },
    {
      "balances_by_bucket": {
        "cash": 0,
        "hsa": 0,
        "pre_tax": 1033277.55,
        "roth": 0,
        "taxable": 3772.4,
      },
      "balances_by_savings_category": {
        "401k": 1033277.55,
        "hsa": 0,
        "ira_roth": 0,
        "ira_traditional": 0,
        "taxable": 3772.4,
      },
      "contributions_401k": 0,
      "contributions_hsa": 0,
      "contributions_ira_roth": 0,
      "contributions_ira_traditional": 0,
      "contributions_taxable": 0,
      "discretionary_spending": 0,
      "discretionary_spending_p1": 0,
      "discretionary_spending_p2": 0,
      "expenses": 67884.49,
      "federal_effective_rate_pct": 0,
      "federal_tax_brackets": [],
      "federal_tax_capital_gains_estimate": 0,
      "federal_tax_ordinary_estimate": 0,
      "federal_tax_total": 0,
      "financial_balance": 1037049.95,
      "hard_asset_balance": 0,
      "income": 67884.49,
      "income_bonus": 0,
      "income_bonus_p1": 0,
      "income_bonus_p2": 0,
      "income_from_savings_draw": 21130.08,
      "income_ss_p1": 26284.88,
      "income_ss_p2": 20469.54,
      "income_ss_total": 46754.41,
      "income_wage_p1": 0,
      "income_wage_p2": 0,
      "income_wages": 0,
      "irmaa_warning": false,
      "is_retired": true,
      "marginal_rate_pct": 10,
      "medicare_part_b_monthly_estimate": 234.59,
      "net_worth": 1037049.95,
      "opening_balances_by_savings_category": {
        "401k": 984073.86,
        "hsa": 0,
        "ira_roth": 0,
        "ira_traditional": 0,
        "taxable": 24722.84,
      },
      "p1_age_eoy": 70,
      "p1_retired": true,
      "p2_age_eoy": 68,
      "p2_retired": true,
      "retirement_funding_shortfall": 0,
      "rmd": 0,
      "rmd_divisor_p1": null,
      "rmd_divisor_p2": null,
      "rmd_p1": 0,
      "rmd_p2": 0,
      "rmd_tax_estimate": 0,
      "roth_conversion": 0,
      "savings": 0,
      "savings_added_total": 0,
      "spending_sources": {
        "asset_liquidation": 0,
        "cash": 0,
        "hsa": 0,
        "roth": 0,
        "social_security": 46754.41,
        "taxable": 21130.08,
        "traditional_ira": 0,
      },
      "ss_earnings_test_warning_p1": false,
      "ss_earnings_test_warning_p2": false,
      "standard_deduction_estimate": 36910.94,
      "surplus_to_taxable": 0,
      "surplus_to_taxable_p1": 0,
      "surplus_to_taxable_p2": 0,
      "surplus_to_taxable_tax_withheld": 0,
      "tax_param_provenance": {
        "brackets": {
          "inflation_applied": true,
          "source": "projected",
          "year_used": 2026,
        },
        "medicare_part_b": {
          "inflation_applied": true,
          "source": "projected",
          "year_used": 2026,
        },
        "standard_deduction": {
          "inflation_applied": true,
          "source": "projected",
          "year_used": 2026,
        },
      },
      "taxable_income_after_standard_deduction": 0,
      "taxable_income_before_deduction": 21130.08,
      "taxable_income_estimate": 21130.08,
      "taxable_ss_estimate": 0,
      "taxable_ss_plus_rmd": 0,
      "withdrawals": {
        "assetLiquidations": 0,
        "cashWithdrawals": 0,
        "hsaWithdrawals": 0,
        "preTaxWithdrawals": 0,
        "rothWithdrawals": 0,
        "taxableWithdrawals": 21130.08,
        "unmetSpending": 0,
      },
      "year": 2030,
    },
    {
      "balances_by_bucket": {
        "cash": 0,
        "hsa": 0,
        "pre_tax": 1066161.19,
        "roth": 0,
        "taxable": 0,
      },
      "balances_by_savings_category": {
        "401k": 1066161.19,
        "hsa": 0,
        "ira_roth": 0,
        "ira_traditional": 0,
        "taxable": 0,
      },
      "contributions_401k": 0,
      "contributions_hsa": 0,
      "contributions_ira_roth": 0,
      "contributions_ira_traditional": 0,
      "contributions_taxable": 0,
      "discretionary_spending": 0,
      "discretionary_spending_p1": 0,
      "discretionary_spending_p2": 0,
      "expenses": 69581.61,
      "federal_effective_rate_pct": 0,
      "federal_tax_brackets": [],
      "federal_tax_capital_gains_estimate": 0,
      "federal_tax_ordinary_estimate": 0,
      "federal_tax_total": 0,
      "financial_balance": 1066161.19,
      "hard_asset_balance": 0,
      "income": 69581.61,
      "income_bonus": 0,
      "income_bonus_p1": 0,
      "income_bonus_p2": 0,
      "income_from_savings_draw": 21658.34,
      "income_ss_p1": 26942,
      "income_ss_p2": 20981.28,
      "income_ss_total": 47923.27,
      "income_wage_p1": 0,
      "income_wage_p2": 0,
      "income_wages": 0,
      "irmaa_warning": false,
      "is_retired": true,
      "marginal_rate_pct": 10,
      "medicare_part_b_monthly_estimate": 246.32,
      "net_worth": 1066161.19,
      "opening_balances_by_savings_category": {
        "401k": 1033277.55,
        "hsa": 0,
        "ira_roth": 0,
        "ira_traditional": 0,
        "taxable": 3772.4,
      },
      "p1_age_eoy": 71,
      "p1_retired": true,
      "p2_age_eoy": 69,
      "p2_retired": true,
      "retirement_funding_shortfall": 0,
      "rmd": 0,
      "rmd_divisor_p1": null,
      "rmd_divisor_p2": null,
      "rmd_p1": 0,
      "rmd_p2": 0,
      "rmd_tax_estimate": 0,
      "roth_conversion": 0,
      "savings": 0,
      "savings_added_total": 0,
      "spending_sources": {
        "asset_liquidation": 0,
        "cash": 0,
        "hsa": 0,
        "roth": 0,
        "social_security": 47923.27,
        "taxable": 3772.4,
        "traditional_ira": 17885.94,
      },
      "ss_earnings_test_warning_p1": false,
      "ss_earnings_test_warning_p2": false,
      "standard_deduction_estimate": 37649.16,
      "surplus_to_taxable": 0,
      "surplus_to_taxable_p1": 0,
      "surplus_to_taxable_p2": 0,
      "surplus_to_taxable_tax_withheld": 0,
      "tax_param_provenance": {
        "brackets": {
          "inflation_applied": true,
          "source": "projected",
          "year_used": 2026,
        },
        "medicare_part_b": {
          "inflation_applied": true,
          "source": "projected",
          "year_used": 2026,
        },
        "standard_deduction": {
          "inflation_applied": true,
          "source": "projected",
          "year_used": 2026,
        },
      },
      "taxable_income_after_standard_deduction": 0,
      "taxable_income_before_deduction": 26582.13,
      "taxable_income_estimate": 26582.13,
      "taxable_ss_estimate": 4923.79,
      "taxable_ss_plus_rmd": 22809.73,
      "withdrawals": {
        "assetLiquidations": 0,
        "cashWithdrawals": 0,
        "hsaWithdrawals": 0,
        "preTaxWithdrawals": 17885.94,
        "rothWithdrawals": 0,
        "taxableWithdrawals": 3772.4,
        "unmetSpending": 0,
      },
      "year": 2031,
    },
  ],
  "current_annual": 66000,
  "end_year": 2031,
  "expense_growth_pct": 2.5,
  "growth_pct": 5,
  "household": {
    "filing_status": "married_filing_jointly",
    "p1_display_name": "P1",
    "p2_display_name": "P2",
    "required_monthly_income_retirement": 5000,
  },
  "projection_horizon_years": 5,
  "projection_meta": {
    "expense_retirement_year": 2025,
    "lifetime_rmd_total": 0,
    "p1_retirement_year": 2025,
    "p1_rmd_start_age": 75,
    "p1_ss_claim_age": 65,
    "p1_ss_monthly_used": 1936,
    "p1_ss_start_year": 2025,
    "p2_retirement_year": 2027,
    "p2_rmd_start_age": 75,
    "p2_ss_claim_age": 65,
    "p2_ss_monthly_used": 1584,
    "p2_ss_start_year": 2027,
    "p2_uses_spousal": false,
    "peak_rmd": 0,
    "peak_rmd_year": null,
    "planning_scores": {
      "flexibility_score": 0,
      "insights": [],
      "lifetime_total_tax": 7636.37,
      "peak_rmd": 0,
      "peak_rmd_year": null,
      "rmd_risk": "High",
      "tax_efficiency_score": null,
    },
    "retirement_spending_annual_base": 60000,
    "retirement_spending_expense_growth_pct": 2.5,
    "retirement_spending_note": "Retirement spending starts at $60,000/yr in 2025 and increases 2.5% per year (P2 pre-Medicare bridge added when applicable).",
    "rmd_note": "RMD from traditional IRA and traditional 401(k) balances using IRS Uniform Lifetime Table (2022+).",
    "roth_conversion_strategy": "none",
    "savings_projection_note": null,
    "ss_comparison": {
      "p1": {
        "annual_benefit": 23232,
        "breakeven_age_vs_62": 73.7,
        "claim_age": 65,
        "lifetime_benefits": 836624,
      },
      "p2": {
        "annual_benefit": 19008,
        "breakeven_age_vs_62": 73.7,
        "claim_age": 65,
        "lifetime_benefits": 684510.55,
      },
    },
    "tax_model_note": "Excludes NIIT, AMT, state/local tax, credits, and payroll taxes. IRMAA warning is approximate.",
    "taxable_income_note": "Includes wages, RMD, Roth conversions, bucket withdrawals, estimated taxable SS, and qualified dividends. LTCG taxed separately.",
    "use_required_monthly_income": true,
    "use_retirement_spending": true,
    "withdrawal_strategy": "conservative",
  },
  "required_monthly_income_retirement": 5000,
  "retirement_annual": 79200,
  "retirement_year": 2027,
  "savings_projection_mode": false,
  "scenario": null,
  "ssi_growth_pct": 2.5,
  "start_year": 2026,
  "starting_balances_by_savings_category": {
    "401k": 800000,
    "hsa": 0,
    "ira_roth": 0,
    "ira_traditional": 0,
    "taxable": 50000,
  },
  "starting_financial_balance": 850000,
  "starting_net_worth": 850000,
  "target_25x_retirement": 1500000,
  "year_reaches_target": null,
}
`;

exports[`Endpoint snapshots (regression guard) GET /api/retirement-tax-guide?year=2026&taxable_income=120000 matches snapshot 1`] = `
{
  "federal": {
    "estimated_annual_tax": 10193.46,
    "estimated_monthly": 849.46,
    "note": "Federal income tax still applies to taxable retirement income (taxable portion of Social Security + IRA/401(k) withdrawals + other). Use "Estimate" with taxable income to get a suggested annual amount, then divide by 12 for retirement/mo.",
    "taxable_income_used": 120000,
    "year_used": 2026,
  },
  "medicare": {
    "note": "Pre-retirement: payroll Medicare tax. After retirement: Medicare Part B (and often Part D) premiums. Suggested value is standard Part B premium; add Part D and adjust for IRMAA if applicable.",
    "retirement_monthly_by_year": {
      "2024": 174.7,
      "2025": 185,
      "2026": 193,
      "2027": 202.65,
      "2028": 212.78,
      "2029": 223.42,
      "2030": 234.59,
      "2031": 246.32,
      "2032": 258.64,
      "2033": 271.57,
      "2034": 285.15,
      "2035": 299.41,
      "2036": 314.38,
      "2037": 330.1,
      "2038": 346.6,
      "2039": 363.93,
      "2040": 382.13,
    },
    "retirement_monthly_suggested": 193,
  },
  "social_security": {
    "note": "Social Security (OASDI) tax is not withheld on benefits. Set retirement/mo to 0 for this category.",
    "retirement_monthly": 0,
  },
}
`;

exports[`Endpoint snapshots (regression guard) GET /api/savings-limits matches snapshot 1`] = `
{
  "household": {
    "p1_display_name": "P1",
    "p2_display_name": "P2",
  },
  "years": {
    "2024": {
      "base": {
        "401k_catch_up": 7500,
        "401k_elective": 23000,
        "hsa_catch_up": 1000,
        "hsa_family": 8300,
        "hsa_individual": 4150,
        "ira": 7000,
        "ira_catch_up": 1000,
      },
      "p1": {
        "401k_catch_up_applies": true,
        "401k_elective_limit": 30500,
        "age_at_eoy": 64,
        "hsa_catch_up_applies": true,
        "hsa_family_limit": 10300,
        "hsa_individual_limit": 5150,
        "ira_catch_up_applies": true,
        "ira_limit": 8000,
      },
      "p2": {
        "401k_catch_up_applies": true,
        "401k_elective_limit": 30500,
        "age_at_eoy": 62,
        "hsa_catch_up_applies": true,
        "hsa_family_limit": null,
        "hsa_individual_limit": 5150,
        "ira_catch_up_applies": true,
        "ira_limit": 8000,
      },
    },
    "2025": {
      "base": {
        "401k_catch_up": 7500,
        "401k_elective": 23500,
        "hsa_catch_up": 1000,
        "hsa_family": 8550,
        "hsa_individual": 4300,
        "ira": 7000,
        "ira_catch_up": 1000,
      },
      "p1": {
        "401k_catch_up_applies": true,
        "401k_elective_limit": 31000,
        "age_at_eoy": 65,
        "hsa_catch_up_applies": true,
        "hsa_family_limit": 10550,
        "hsa_individual_limit": 5300,
        "ira_catch_up_applies": true,
        "ira_limit": 8000,
      },
      "p2": {
        "401k_catch_up_applies": true,
        "401k_elective_limit": 31000,
        "age_at_eoy": 63,
        "hsa_catch_up_applies": true,
        "hsa_family_limit": null,
        "hsa_individual_limit": 5300,
        "ira_catch_up_applies": true,
        "ira_limit": 8000,
      },
    },
    "2026": {
      "base": {
        "401k_catch_up": 8000,
        "401k_elective": 24500,
        "hsa_catch_up": 1000,
        "hsa_family": 8750,
        "hsa_individual": 4400,
        "ira": 7500,
        "ira_catch_up": 1100,
      },
      "p1": {
        "401k_catch_up_applies": true,
        "401k_elective_limit": 32500,
        "age_at_eoy": 66,
        "hsa_catch_up_applies": true,
        "hsa_family_limit": 10750,
        "hsa_individual_limit": 5400,
        "ira_catch_up_applies": true,
        "ira_limit": 8600,
      },
      "p2": {
        "401k_catch_up_applies": true,
        "401k_elective_limit": 32500,
        "age_at_eoy": 64,
        "hsa_catch_up_applies": true,
        "hsa_family_limit": null,
        "hsa_individual_limit": 5400,
        "ira_catch_up_applies": true,
        "ira_limit": 8600,
      },
    },
  },
}
`;
